// Jest Snapshot v1, https://goo.gl/fbAQLP

exports[`ProductCard should display the product card 1`] = `
<div
  className="productCard undefined"
>
  <h1>
    ProductCard
  </h1>
</div>
`;

exports[`ProductCard should increment counter 1`] = `
<div
  className="productCard undefined"
>
  <span>
    0
  </span>
  <button
    onClick={[Function]}
  >
    Increase
  </button>
</div>
`;
