// Jest Snapshot v1, https://goo.gl/fbAQLP

exports[`ProductTitle should display the component with product name 1`] = `
<div
  className="productCard undefined"
>
  <span
    className="productDescription undefined"
  >
    Coffe Mug - Card NoImage
  </span>
</div>
`;

exports[`ProductTitle should display the product title 1`] = `
<span
  className="productDescription custom-class"
>
  Custom Product
</span>
`;
